{
  "version": "1.5.0",
  "plugins_used": [
    {
      "name": "ArtifactoryDetector"
    },
    {
      "name": "AWSKeyDetector"
    },
    {
      "name": "AzureStorageKeyDetector"
    },
    {
      "name": "Base64HighEntropyString",
      "limit": 4.5
    },
    {
      "name": "BasicAuthDetector"
    },
    {
      "name": "CloudantDetector"
    },
    {
      "name": "DiscordBotTokenDetector"
    },
    {
      "name": "GitHubTokenDetector"
    },
    {
      "name": "GitLabTokenDetector"
    },
    {
      "name": "HexHighEntropyString",
      "limit": 3.0
    },
    {
      "name": "IbmCloudIamDetector"
    },
    {
      "name": "IbmCosHmacDetector"
    },
    {
      "name": "IPPublicDetector"
    },
    {
      "name": "JwtTokenDetector"
    },
    {
      "name": "KeywordDetector",
      "keyword_exclude": ""
    },
    {
      "name": "MailchimpDetector"
    },
    {
      "name": "NpmDetector"
    },
    {
      "name": "OpenAIDetector"
    },
    {
      "name": "PrivateKeyDetector"
    },
    {
      "name": "PypiTokenDetector"
    },
    {
      "name": "SendGridDetector"
    },
    {
      "name": "SlackDetector"
    },
    {
      "name": "SoftlayerDetector"
    },
    {
      "name": "SquareOAuthDetector"
    },
    {
      "name": "StripeDetector"
    },
    {
      "name": "TelegramBotTokenDetector"
    },
    {
      "name": "TwilioKeyDetector"
    }
  ],
  "filters_used": [
    {
      "path": "detect_secrets.filters.allowlist.is_line_allowlisted"
    },
    {
      "path": "detect_secrets.filters.common.is_baseline_file",
      "filename": ".secrets.baseline"
    },
    {
      "path": "detect_secrets.filters.common.is_ignored_due_to_verification_policies",
      "min_level": 2
    },
    {
      "path": "detect_secrets.filters.heuristic.is_indirect_reference"
    },
    {
      "path": "detect_secrets.filters.heuristic.is_likely_id_string"
    },
    {
      "path": "detect_secrets.filters.heuristic.is_lock_file"
    },
    {
      "path": "detect_secrets.filters.heuristic.is_not_alphanumeric_string"
    },
    {
      "path": "detect_secrets.filters.heuristic.is_potential_uuid"
    },
    {
      "path": "detect_secrets.filters.heuristic.is_prefixed_with_dollar_sign"
    },
    {
      "path": "detect_secrets.filters.heuristic.is_sequential_string"
    },
    {
      "path": "detect_secrets.filters.heuristic.is_swagger_file"
    },
    {
      "path": "detect_secrets.filters.heuristic.is_templated_secret"
    }
  ],
  "results": {
    ".env.example": [
      {
        "type": "Basic Auth Credentials",
        "filename": ".env.example",
        "hashed_secret": "6a204f09760c20068ee6fd12378d39b1297069ca",
        "is_verified": false,
        "line_number": 5
      }
    ],
    ".github/workflows/ci.yml": [
      {
        "type": "Secret Keyword",
        "filename": ".github/workflows/ci.yml",
        "hashed_secret": "6a204f09760c20068ee6fd12378d39b1297069ca",
        "is_verified": false,
        "line_number": 19
      },
      {
        "type": "Basic Auth Credentials",
        "filename": ".github/workflows/ci.yml",
        "hashed_secret": "6a204f09760c20068ee6fd12378d39b1297069ca",
        "is_verified": false,
        "line_number": 29
      }
    ],
    "backend/config/storage.py": [
      {
        "type": "Basic Auth Credentials",
        "filename": "backend/config/storage.py",
        "hashed_secret": "6a204f09760c20068ee6fd12378d39b1297069ca",
        "is_verified": false,
        "line_number": 12
      }
    ],
    "backend/features/core/domain.py": [
      {
        "type": "Secret Keyword",
        "filename": "backend/features/core/domain.py",
        "hashed_secret": "553ab251f84b08eda31bf807cee8259aaffb614a",
        "is_verified": false,
        "line_number": 161
      }
    ],
    "backend/migrations/versions/1f7b0ee634c2_sales_leads_imported_audit_action.py": [
      {
        "type": "Hex High Entropy String",
        "filename": "backend/migrations/versions/1f7b0ee634c2_sales_leads_imported_audit_action.py",
        "hashed_secret": "7acb06e2a6e7a224ecaa52a29f83e271db72ccd6",
        "is_verified": false,
        "line_number": 15
      }
    ],
    "backend/migrations/versions/27a07f0ca34b_niche_advertisers.py": [
      {
        "type": "Hex High Entropy String",
        "filename": "backend/migrations/versions/27a07f0ca34b_niche_advertisers.py",
        "hashed_secret": "090b428cdd616cf1956d3bce4e34a69625db8000",
        "is_verified": false,
        "line_number": 27
      }
    ],
    "backend/migrations/versions/2a0f977769b4_org_traffic_bigint.py": [
      {
        "type": "Hex High Entropy String",
        "filename": "backend/migrations/versions/2a0f977769b4_org_traffic_bigint.py",
        "hashed_secret": "29ec2afced3e43ae5b0302d283b2951c7cc7bae3",
        "is_verified": false,
        "line_number": 15
      }
    ],
    "backend/migrations/versions/3b5fac68d5f9_users_and_audit_log.py": [
      {
        "type": "Hex High Entropy String",
        "filename": "backend/migrations/versions/3b5fac68d5f9_users_and_audit_log.py",
        "hashed_secret": "516aa75611f51a9f3367aa3e8402d70379518daa",
        "is_verified": false,
        "line_number": 15
      }
    ],
    "backend/migrations/versions/4763b9a0e07d_initial_schema_12_core_tables.py": [
      {
        "type": "Hex High Entropy String",
        "filename": "backend/migrations/versions/4763b9a0e07d_initial_schema_12_core_tables.py",
        "hashed_secret": "ee4bc2776fffe74f68969debc8c32254ae82d074",
        "is_verified": false,
        "line_number": 15
      }
    ],
    "backend/migrations/versions/723e3ddab31f_sales_chain_templates.py": [
      {
        "type": "Hex High Entropy String",
        "filename": "backend/migrations/versions/723e3ddab31f_sales_chain_templates.py",
        "hashed_secret": "f678221ebb138c74923a2306d4c982a0269014c5",
        "is_verified": false,
        "line_number": 25
      }
    ],
    "backend/migrations/versions/7baf5c71fce2_reply_to_addresses_unbound_reason.py": [
      {
        "type": "Hex High Entropy String",
        "filename": "backend/migrations/versions/7baf5c71fce2_reply_to_addresses_unbound_reason.py",
        "hashed_secret": "80b4541e74557a17295835412a4fd1836e45c2a5",
        "is_verified": false,
        "line_number": 26
      }
    ],
    "backend/migrations/versions/8c1d5e4a72b0_sent_today_computed_not_stored.py": [
      {
        "type": "Hex High Entropy String",
        "filename": "backend/migrations/versions/8c1d5e4a72b0_sent_today_computed_not_stored.py",
        "hashed_secret": "0a2d49b805a91a705dd120f016a5190ab3237ad3",
        "is_verified": false,
        "line_number": 23
      }
    ],
    "backend/migrations/versions/8dbc46c01caf_message_answers_reply.py": [
      {
        "type": "Hex High Entropy String",
        "filename": "backend/migrations/versions/8dbc46c01caf_message_answers_reply.py",
        "hashed_secret": "6233bd4af91165cd04ae924155151ab0ebdc54f2",
        "is_verified": false,
        "line_number": 20
      }
    ],
    "backend/migrations/versions/9a2f1c6b48d3_inbound_fields_on_replies.py": [
      {
        "type": "Hex High Entropy String",
        "filename": "backend/migrations/versions/9a2f1c6b48d3_inbound_fields_on_replies.py",
        "hashed_secret": "89e18abad514be27793341944735e86df56342a6",
        "is_verified": false,
        "line_number": 30
      }
    ],
    "backend/migrations/versions/a1d7c5e93b62_judge_verdict_on_domain.py": [
      {
        "type": "Hex High Entropy String",
        "filename": "backend/migrations/versions/a1d7c5e93b62_judge_verdict_on_domain.py",
        "hashed_secret": "ce90e03809862ec82d024634c34474b00d22a711",
        "is_verified": false,
        "line_number": 29
      }
    ],
    "backend/migrations/versions/a3f19c6d2e57_campaign_letter_template.py": [
      {
        "type": "Hex High Entropy String",
        "filename": "backend/migrations/versions/a3f19c6d2e57_campaign_letter_template.py",
        "hashed_secret": "bd33bcc822cebc61e68e3595b436f2cec3c0b8fa",
        "is_verified": false,
        "line_number": 17
      }
    ],
    "backend/migrations/versions/a4c7e1f90b23_contact_added_audit_action.py": [
      {
        "type": "Hex High Entropy String",
        "filename": "backend/migrations/versions/a4c7e1f90b23_contact_added_audit_action.py",
        "hashed_secret": "b21014353efa23fbcf5a52d400a855ca4b7c667b",
        "is_verified": false,
        "line_number": 17
      }
    ],
    "backend/migrations/versions/a4c7e91b58d3_contact_status_blocked.py": [
      {
        "type": "Hex High Entropy String",
        "filename": "backend/migrations/versions/a4c7e91b58d3_contact_status_blocked.py",
        "hashed_secret": "1c6a7fb3022a43bc816c801392c86ec5e35ec35a",
        "is_verified": false,
        "line_number": 22
      }
    ],
    "backend/migrations/versions/a4d7f1c92b63_crawl_runs_and_outlinks.py": [
      {
        "type": "Hex High Entropy String",
        "filename": "backend/migrations/versions/a4d7f1c92b63_crawl_runs_and_outlinks.py",
        "hashed_secret": "9ac9c6d8d545f4da7b7457873f457a0565882c3c",
        "is_verified": false,
        "line_number": 26
      }
    ],
    "backend/migrations/versions/a51e5688f79e_sales_kb_changed_audit_action.py": [
      {
        "type": "Hex High Entropy String",
        "filename": "backend/migrations/versions/a51e5688f79e_sales_kb_changed_audit_action.py",
        "hashed_secret": "88ed8c5934f4f7d10ffc6518ca08142fdcd8d354",
        "is_verified": false,
        "line_number": 19
      }
    ],
    "backend/migrations/versions/a71e3c9d4b02_run_job_and_saved_serp.py": [
      {
        "type": "Hex High Entropy String",
        "filename": "backend/migrations/versions/a71e3c9d4b02_run_job_and_saved_serp.py",
        "hashed_secret": "a4c479edb07b061213e22398012727a47847bd1d",
        "is_verified": false,
        "line_number": 26
      }
    ],
    "backend/migrations/versions/a71e3d9c05b2_price_keeps_its_currency.py": [
      {
        "type": "Hex High Entropy String",
        "filename": "backend/migrations/versions/a71e3d9c05b2_price_keeps_its_currency.py",
        "hashed_secret": "fe8515f0d9e813760c279442fded9fe0a1ebf142",
        "is_verified": false,
        "line_number": 24
      }
    ],
    "backend/migrations/versions/ad4a79bc6000_reply_offers.py": [
      {
        "type": "Hex High Entropy String",
        "filename": "backend/migrations/versions/ad4a79bc6000_reply_offers.py",
        "hashed_secret": "134b3da711612e766e55607161ba81775d934a2e",
        "is_verified": false,
        "line_number": 23
      }
    ],
    "backend/migrations/versions/b3e8d1f04a62_contact_no_answer.py": [
      {
        "type": "Hex High Entropy String",
        "filename": "backend/migrations/versions/b3e8d1f04a62_contact_no_answer.py",
        "hashed_secret": "6ab2fac9239e208dab287df48eabd79527fd62e4",
        "is_verified": false,
        "line_number": 25
      }
    ],
    "backend/migrations/versions/b3e9f1c47d20_judge_decider_and_home.py": [
      {
        "type": "Hex High Entropy String",
        "filename": "backend/migrations/versions/b3e9f1c47d20_judge_decider_and_home.py",
        "hashed_secret": "f057ec5f795c26fa795c0d7e69826a08d61f7d0c",
        "is_verified": false,
        "line_number": 22
      }
    ],
    "backend/migrations/versions/b48c2f7a19e5_unbound_replies_are_kept.py": [
      {
        "type": "Hex High Entropy String",
        "filename": "backend/migrations/versions/b48c2f7a19e5_unbound_replies_are_kept.py",
        "hashed_secret": "828bfe8723026de7329e2a8fcb464d06169fe866",
        "is_verified": false,
        "line_number": 25
      }
    ],
    "backend/migrations/versions/b7c3e91d0a52_outlink_page_facts.py": [
      {
        "type": "Hex High Entropy String",
        "filename": "backend/migrations/versions/b7c3e91d0a52_outlink_page_facts.py",
        "hashed_secret": "28c9ed60022c0f9bfe1e9c00bbea8a60d5dfa9bb",
        "is_verified": false,
        "line_number": 24
      }
    ],
    "backend/migrations/versions/b7d3e9a15c42_contact_removed_audit_action.py": [
      {
        "type": "Hex High Entropy String",
        "filename": "backend/migrations/versions/b7d3e9a15c42_contact_removed_audit_action.py",
        "hashed_secret": "0193ec9f67f62da95ca9addf229178f47a159073",
        "is_verified": false,
        "line_number": 16
      }
    ],
    "backend/migrations/versions/b7e2c4a81f95_advertiser_candidates.py": [
      {
        "type": "Hex High Entropy String",
        "filename": "backend/migrations/versions/b7e2c4a81f95_advertiser_candidates.py",
        "hashed_secret": "77792370baf74637357b1e4a79ee47b97cc88859",
        "is_verified": false,
        "line_number": 26
      }
    ],
    "backend/migrations/versions/b7e2d4c91a05_run_review_queue.py": [
      {
        "type": "Hex High Entropy String",
        "filename": "backend/migrations/versions/b7e2d4c91a05_run_review_queue.py",
        "hashed_secret": "0d7a86380979542c19cd8e9cb67c42640bb8ada3",
        "is_verified": false,
        "line_number": 18
      }
    ],
    "backend/migrations/versions/b8d2f4a7c619_geo_partial.py": [
      {
        "type": "Hex High Entropy String",
        "filename": "backend/migrations/versions/b8d2f4a7c619_geo_partial.py",
        "hashed_secret": "bf653260ae5c5bd8b5f96b905051ea810f60daef",
        "is_verified": false,
        "line_number": 22
      }
    ],
    "backend/migrations/versions/c41f7a2e9b86_candidate_domain_rating.py": [
      {
        "type": "Hex High Entropy String",
        "filename": "backend/migrations/versions/c41f7a2e9b86_candidate_domain_rating.py",
        "hashed_secret": "8cded5386dbaac31e29fb8a218ac1c9abff5c7a4",
        "is_verified": false,
        "line_number": 21
      }
    ],
    "backend/migrations/versions/c4e7a2b95f16_suppression_terms.py": [
      {
        "type": "Hex High Entropy String",
        "filename": "backend/migrations/versions/c4e7a2b95f16_suppression_terms.py",
        "hashed_secret": "a6c9a26af363942a1003266e751cd687f8ad1ea8",
        "is_verified": false,
        "line_number": 21
      }
    ],
    "backend/migrations/versions/c4e8a1f5b203_judge_prompt_version.py": [
      {
        "type": "Hex High Entropy String",
        "filename": "backend/migrations/versions/c4e8a1f5b203_judge_prompt_version.py",
        "hashed_secret": "4ab5b7b43789d8338f2acedc8deb2721339b82fe",
        "is_verified": false,
        "line_number": 17
      }
    ],
    "backend/migrations/versions/c5d2a8e61f47_site_reviewed_audit_action.py": [
      {
        "type": "Hex High Entropy String",
        "filename": "backend/migrations/versions/c5d2a8e61f47_site_reviewed_audit_action.py",
        "hashed_secret": "009b085e9ab0e3bbab36cf7b212fb0eaf13e5bdc",
        "is_verified": false,
        "line_number": 15
      }
    ],
    "backend/migrations/versions/c8a1e5d73b20_advertiser_reviewed_audit_action.py": [
      {
        "type": "Hex High Entropy String",
        "filename": "backend/migrations/versions/c8a1e5d73b20_advertiser_reviewed_audit_action.py",
        "hashed_secret": "18c949d8d02f3e5856da2c88443f8be4e0e47427",
        "is_verified": false,
        "line_number": 16
      }
    ],
    "backend/migrations/versions/c93a17d5f204_price_reviewed_audit_action.py": [
      {
        "type": "Hex High Entropy String",
        "filename": "backend/migrations/versions/c93a17d5f204_price_reviewed_audit_action.py",
        "hashed_secret": "0c6085bb1abddbd6929ee8bd24f0fb723fbf6479",
        "is_verified": false,
        "line_number": 18
      }
    ],
    "backend/migrations/versions/d3f6b2a9c418_advertisers_and_supplier_donors.py": [
      {
        "type": "Hex High Entropy String",
        "filename": "backend/migrations/versions/d3f6b2a9c418_advertisers_and_supplier_donors.py",
        "hashed_secret": "9db9454108817775660f99da8e02b4474908e308",
        "is_verified": false,
        "line_number": 23
      }
    ],
    "backend/migrations/versions/d5a91c37e8b4_campaign_followup_cadence.py": [
      {
        "type": "Hex High Entropy String",
        "filename": "backend/migrations/versions/d5a91c37e8b4_campaign_followup_cadence.py",
        "hashed_secret": "8026a6045591f8948dba0726ef889468ff1fe5c7",
        "is_verified": false,
        "line_number": 23
      }
    ],
    "backend/migrations/versions/d7a4c2e98b13_seller_answer.py": [
      {
        "type": "Hex High Entropy String",
        "filename": "backend/migrations/versions/d7a4c2e98b13_seller_answer.py",
        "hashed_secret": "305cfabc1bfd923130e97622f4794485f1c5b0a5",
        "is_verified": false,
        "line_number": 20
      }
    ],
    "backend/migrations/versions/d7da62eb8165_agent_settings.py": [
      {
        "type": "Hex High Entropy String",
        "filename": "backend/migrations/versions/d7da62eb8165_agent_settings.py",
        "hashed_secret": "21c44111d12dd9e8891aa86c8c4cc7ea83d9122a",
        "is_verified": false,
        "line_number": 24
      }
    ],
    "backend/migrations/versions/d7f3a2c91e64_lead_taken_audit_action.py": [
      {
        "type": "Hex High Entropy String",
        "filename": "backend/migrations/versions/d7f3a2c91e64_lead_taken_audit_action.py",
        "hashed_secret": "c4aab3a880d1d91588c0a3265f414fbded375261",
        "is_verified": false,
        "line_number": 15
      }
    ],
    "backend/migrations/versions/e1c4b7d92f08_stoplist_audit_actions.py": [
      {
        "type": "Hex High Entropy String",
        "filename": "backend/migrations/versions/e1c4b7d92f08_stoplist_audit_actions.py",
        "hashed_secret": "abb96f6a0c87b3c3874930bc7d07612d6f679e2f",
        "is_verified": false,
        "line_number": 17
      }
    ],
    "backend/migrations/versions/e2b6c8d41a57_site_door.py": [
      {
        "type": "Hex High Entropy String",
        "filename": "backend/migrations/versions/e2b6c8d41a57_site_door.py",
        "hashed_secret": "fc4d7d79e68fef59c18331e5ba3eb2cb54e5b04b",
        "is_verified": false,
        "line_number": 18
      }
    ],
    "backend/migrations/versions/e2b6f9a04c71_reply_model_parse.py": [
      {
        "type": "Hex High Entropy String",
        "filename": "backend/migrations/versions/e2b6f9a04c71_reply_model_parse.py",
        "hashed_secret": "15c0ed82bbe7777c76933472a3bec58ce88808b7",
        "is_verified": false,
        "line_number": 19
      }
    ],
    "backend/migrations/versions/e4b1c27a9d53_data_pruned_audit_action.py": [
      {
        "type": "Hex High Entropy String",
        "filename": "backend/migrations/versions/e4b1c27a9d53_data_pruned_audit_action.py",
        "hashed_secret": "2751187d620bf146406f34093910b08b9e493b70",
        "is_verified": false,
        "line_number": 20
      }
    ],
    "backend/migrations/versions/f2b6a8c31d47_delivery_marks.py": [
      {
        "type": "Hex High Entropy String",
        "filename": "backend/migrations/versions/f2b6a8c31d47_delivery_marks.py",
        "hashed_secret": "3971e2a7b4a74959401ad5ac83802f6abf1077ae",
        "is_verified": false,
        "line_number": 18
      }
    ],
    "backend/migrations/versions/fc721be3d031_crawl_run_lifecycle.py": [
      {
        "type": "Hex High Entropy String",
        "filename": "backend/migrations/versions/fc721be3d031_crawl_run_lifecycle.py",
        "hashed_secret": "e1548f056099a682e1a416eef190b2420b1fe979",
        "is_verified": false,
        "line_number": 26
      }
    ],
    "deploy/nginx.conf": [
      {
        "type": "Base64 High Entropy String",
        "filename": "deploy/nginx.conf",
        "hashed_secret": "89ebd455a1dd0740dd5f15dcab62bfffd1048802",
        "is_verified": false,
        "line_number": 93
      }
    ],
    "docker-compose.dev.yml": [
      {
        "type": "Secret Keyword",
        "filename": "docker-compose.dev.yml",
        "hashed_secret": "6a204f09760c20068ee6fd12378d39b1297069ca",
        "is_verified": false,
        "line_number": 10
      }
    ],
    "frontend/src/users/UsersPage.test.tsx": [
      {
        "type": "Secret Keyword",
        "filename": "frontend/src/users/UsersPage.test.tsx",
        "hashed_secret": "47fc802795ea519c2e00ec996c860158b298ff2c",
        "is_verified": false,
        "line_number": 48
      },
      {
        "type": "Secret Keyword",
        "filename": "frontend/src/users/UsersPage.test.tsx",
        "hashed_secret": "0177c3b69e631dce97545eb78c909adb524d5ca0",
        "is_verified": false,
        "line_number": 123
      }
    ],
    "tests/conftest.py": [
      {
        "type": "Basic Auth Credentials",
        "filename": "tests/conftest.py",
        "hashed_secret": "6a204f09760c20068ee6fd12378d39b1297069ca",
        "is_verified": false,
        "line_number": 141
      },
      {
        "type": "Secret Keyword",
        "filename": "tests/conftest.py",
        "hashed_secret": "3e234bbfd8dfb1f0a2fb3016cca662cf178ae2f6",
        "is_verified": false,
        "line_number": 380
      }
    ],
    "tests/test_agent_writer.py": [
      {
        "type": "Secret Keyword",
        "filename": "tests/test_agent_writer.py",
        "hashed_secret": "3acfb2c2b433c0ea7ff107e33df91b18e52f960f",
        "is_verified": false,
        "line_number": 74
      }
    ],
    "tests/test_backup_offsite.py": [
      {
        "type": "Secret Keyword",
        "filename": "tests/test_backup_offsite.py",
        "hashed_secret": "efa79af2a15a101d452823d764338b6c9494e294",
        "is_verified": false,
        "line_number": 18
      },
      {
        "type": "Base64 High Entropy String",
        "filename": "tests/test_backup_offsite.py",
        "hashed_secret": "7413461e9917480746c63b440397f78545818d84",
        "is_verified": false,
        "line_number": 333
      }
    ],
    "tests/test_gates.py": [
      {
        "type": "Basic Auth Credentials",
        "filename": "tests/test_gates.py",
        "hashed_secret": "6a204f09760c20068ee6fd12378d39b1297069ca",
        "is_verified": false,
        "line_number": 129
      }
    ],
    "tests/test_inbound_route_letters.py": [
      {
        "type": "Secret Keyword",
        "filename": "tests/test_inbound_route_letters.py",
        "hashed_secret": "7deeb1b520a95d17eb2f4cf59b05d5c5f9e71e4d",
        "is_verified": false,
        "line_number": 308
      }
    ],
    "tests/test_mail_test.py": [
      {
        "type": "Secret Keyword",
        "filename": "tests/test_mail_test.py",
        "hashed_secret": "50d3946bbaf71cc643625d51b4948e60ac298776",
        "is_verified": false,
        "line_number": 65
      }
    ],
    "tests/test_publisher_judge.py": [
      {
        "type": "Secret Keyword",
        "filename": "tests/test_publisher_judge.py",
        "hashed_secret": "e9a5f12a8ecbb3eb46eca5096b5c52aa5e7c9fdd",
        "is_verified": false,
        "line_number": 411
      }
    ],
    "tests/test_sendgrid_transport.py": [
      {
        "type": "Secret Keyword",
        "filename": "tests/test_sendgrid_transport.py",
        "hashed_secret": "50d3946bbaf71cc643625d51b4948e60ac298776",
        "is_verified": false,
        "line_number": 52
      }
    ]
  },
  "generated_at": "2026-10-07T11:43:15Z"
}
